\set ECHO none
 created logical replication slot

 visible

 invisible

 non-transactional

 transactional

 non-transactional

 { "message": "#1", "prefix": "sent first", "transactional": false }
 { "message": "#2", "prefix": "sent third", "transactional": false }
 { "message": "#3", "prefix": "sent last", "transactional": false }
 { "message": "#4", "prefix": "sent fourth", "transactional": true }

 deleted logical replication slot

